RANGE="0x0000000000000000-0x0000000007ffffff" SIZE="128M" STATE="online" REMOVABLE="yes" BLOCK="0"
RANGE="0x0000000008000000-0x000000000fffffff" SIZE="128M" STATE="online" REMOVABLE="yes" BLOCK="1"
RANGE="0x0000000010000000-0x0000000017ffffff" SIZE="128M" STATE="online" REMOVABLE="yes" BLOCK="2"
RANGE="0x0000000018000000-0x000000001fffffff" SIZE="128M" STATE="online" REMOVABLE="yes" BLOCK="3"
RANGE="0x0000000020000000-0x0000000027ffffff" SIZE="128M" STATE="online" REMOVABLE="yes" BLOCK="4"
RANGE="0x0000000028000000-0x000000002fffffff" SIZE="128M" STATE="online" REMOVABLE="yes" BLOCK="5"
RANGE="0x0000000030000000-0x0000000037ffffff" SIZE="128M" STATE="online" REMOVABLE="yes" BLOCK="6"
RANGE="0x0000000100000000-0x0000000107ffffff" SIZE="128M" STATE="online" REMOVABLE="yes" BLOCK="32"
RANGE="0x0000000108000000-0x000000010fffffff" SIZE="128M" STATE="online" REMOVABLE="yes" BLOCK="33"
RANGE="0x0000000110000000-0x0000000117ffffff" SIZE="128M" STATE="online" REMOVABLE="yes" BLOCK="34"
RANGE="0x0000000118000000-0x000000011fffffff" SIZE="128M" STATE="online" REMOVABLE="yes" BLOCK="35"
RANGE="0x0000000120000000-0x0000000127ffffff" SIZE="128M" STATE="online" REMOVABLE="yes" BLOCK="36"
RANGE="0x0000000128000000-0x000000012fffffff" SIZE="128M" STATE="online" REMOVABLE="yes" BLOCK="37"
RANGE="0x0000000130000000-0x0000000137ffffff" SIZE="128M" STATE="online" REMOVABLE="yes" BLOCK="38"
RANGE="0x0000000138000000-0x000000013fffffff" SIZE="128M" STATE="online" REMOVABLE="yes" BLOCK="39"
RANGE="0x0000000140000000-0x0000000147ffffff" SIZE="128M" STATE="online" REMOVABLE="yes" BLOCK="40"
RANGE="0x0000000148000000-0x000000014fffffff" SIZE="128M" STATE="online" REMOVABLE="yes" BLOCK="41"
RANGE="0x0000000150000000-0x0000000157ffffff" SIZE="128M" STATE="online" REMOVABLE="yes" BLOCK="42"
RANGE="0x0000000158000000-0x000000015fffffff" SIZE="128M" STATE="online" REMOVABLE="yes" BLOCK="43"
RANGE="0x0000000160000000-0x0000000167ffffff" SIZE="128M" STATE="online" REMOVABLE="yes" BLOCK="44"
RANGE="0x0000000168000000-0x000000016fffffff" SIZE="128M" STATE="online" REMOVABLE="yes" BLOCK="45"
RANGE="0x0000000170000000-0x0000000177ffffff" SIZE="128M" STATE="online" REMOVABLE="yes" BLOCK="46"
RANGE="0x0000000178000000-0x000000017fffffff" SIZE="128M" STATE="online" REMOVABLE="yes" BLOCK="47"
RANGE="0x0000000180000000-0x0000000187ffffff" SIZE="128M" STATE="online" REMOVABLE="yes" BLOCK="48"
RANGE="0x0000000188000000-0x000000018fffffff" SIZE="128M" STATE="online" REMOVABLE="yes" BLOCK="49"
RANGE="0x0000000190000000-0x0000000197ffffff" SIZE="128M" STATE="online" REMOVABLE="yes" BLOCK="50"
RANGE="0x0000000198000000-0x000000019fffffff" SIZE="128M" STATE="online" REMOVABLE="yes" BLOCK="51"
RANGE="0x00000001a0000000-0x00000001a7ffffff" SIZE="128M" STATE="online" REMOVABLE="yes" BLOCK="52"
RANGE="0x00000001a8000000-0x00000001afffffff" SIZE="128M" STATE="online" REMOVABLE="yes" BLOCK="53"
RANGE="0x00000001b0000000-0x00000001b7ffffff" SIZE="128M" STATE="online" REMOVABLE="yes" BLOCK="54"
RANGE="0x00000001b8000000-0x00000001bfffffff" SIZE="128M" STATE="online" REMOVABLE="yes" BLOCK="55"
RANGE="0x00000001c0000000-0x00000001c7ffffff" SIZE="128M" STATE="online" REMOVABLE="yes" BLOCK="56"
RANGE="0x00000001c8000000-0x00000001cfffffff" SIZE="128M" STATE="online" REMOVABLE="yes" BLOCK="57"
RANGE="0x00000001d0000000-0x00000001d7ffffff" SIZE="128M" STATE="online" REMOVABLE="yes" BLOCK="58"
RANGE="0x00000001d8000000-0x00000001dfffffff" SIZE="128M" STATE="online" REMOVABLE="yes" BLOCK="59"
RANGE="0x00000001e0000000-0x00000001e7ffffff" SIZE="128M" STATE="online" REMOVABLE="yes" BLOCK="60"
RANGE="0x00000001e8000000-0x00000001efffffff" SIZE="128M" STATE="online" REMOVABLE="yes" BLOCK="61"
RANGE="0x00000001f0000000-0x00000001f7ffffff" SIZE="128M" STATE="online" REMOVABLE="yes" BLOCK="62"
RANGE="0x00000001f8000000-0x00000001ffffffff" SIZE="128M" STATE="online" REMOVABLE="yes" BLOCK="63"
RANGE="0x0000000200000000-0x0000000207ffffff" SIZE="128M" STATE="online" REMOVABLE="yes" BLOCK="64"
RANGE="0x0000000208000000-0x000000020fffffff" SIZE="128M" STATE="online" REMOVABLE="yes" BLOCK="65"
RANGE="0x0000000210000000-0x0000000217ffffff" SIZE="128M" STATE="online" REMOVABLE="yes" BLOCK="66"
RANGE="0x0000000218000000-0x000000021fffffff" SIZE="128M" STATE="online" REMOVABLE="yes" BLOCK="67"
RANGE="0x0000000220000000-0x0000000227ffffff" SIZE="128M" STATE="online" REMOVABLE="yes" BLOCK="68"
RANGE="0x0000000228000000-0x000000022fffffff" SIZE="128M" STATE="online" REMOVABLE="yes" BLOCK="69"
RANGE="0x0000000230000000-0x0000000237ffffff" SIZE="128M" STATE="online" REMOVABLE="yes" BLOCK="70"
RANGE="0x0000000238000000-0x000000023fffffff" SIZE="128M" STATE="online" REMOVABLE="yes" BLOCK="71"
RANGE="0x0000000240000000-0x0000000247ffffff" SIZE="128M" STATE="online" REMOVABLE="yes" BLOCK="72"
RANGE="0x0000000248000000-0x000000024fffffff" SIZE="128M" STATE="online" REMOVABLE="yes" BLOCK="73"
RANGE="0x0000000250000000-0x0000000257ffffff" SIZE="128M" STATE="online" REMOVABLE="yes" BLOCK="74"
RANGE="0x0000000258000000-0x000000025fffffff" SIZE="128M" STATE="online" REMOVABLE="yes" BLOCK="75"
RANGE="0x0000000260000000-0x0000000267ffffff" SIZE="128M" STATE="online" REMOVABLE="yes" BLOCK="76"
RANGE="0x0000000268000000-0x000000026fffffff" SIZE="128M" STATE="online" REMOVABLE="yes" BLOCK="77"
RANGE="0x0000000270000000-0x0000000277ffffff" SIZE="128M" STATE="online" REMOVABLE="yes" BLOCK="78"
RANGE="0x0000000278000000-0x000000027fffffff" SIZE="128M" STATE="online" REMOVABLE="yes" BLOCK="79"
RANGE="0x0000000280000000-0x0000000287ffffff" SIZE="128M" STATE="online" REMOVABLE="yes" BLOCK="80"
RANGE="0x0000000288000000-0x000000028fffffff" SIZE="128M" STATE="online" REMOVABLE="yes" BLOCK="81"
RANGE="0x0000000290000000-0x0000000297ffffff" SIZE="128M" STATE="online" REMOVABLE="yes" BLOCK="82"
RANGE="0x0000000298000000-0x000000029fffffff" SIZE="128M" STATE="online" REMOVABLE="yes" BLOCK="83"
RANGE="0x00000002a0000000-0x00000002a7ffffff" SIZE="128M" STATE="online" REMOVABLE="yes" BLOCK="84"
RANGE="0x00000002a8000000-0x00000002afffffff" SIZE="128M" STATE="online" REMOVABLE="yes" BLOCK="85"
RANGE="0x00000002b0000000-0x00000002b7ffffff" SIZE="128M" STATE="online" REMOVABLE="yes" BLOCK="86"
RANGE="0x00000002b8000000-0x00000002bfffffff" SIZE="128M" STATE="online" REMOVABLE="yes" BLOCK="87"
RANGE="0x00000002c0000000-0x00000002c7ffffff" SIZE="128M" STATE="online" REMOVABLE="yes" BLOCK="88"
RANGE="0x00000002c8000000-0x00000002cfffffff" SIZE="128M" STATE="online" REMOVABLE="yes" BLOCK="89"
RANGE="0x00000002d0000000-0x00000002d7ffffff" SIZE="128M" STATE="online" REMOVABLE="yes" BLOCK="90"
RANGE="0x00000002d8000000-0x00000002dfffffff" SIZE="128M" STATE="online" REMOVABLE="yes" BLOCK="91"
RANGE="0x00000002e0000000-0x00000002e7ffffff" SIZE="128M" STATE="online" REMOVABLE="yes" BLOCK="92"
RANGE="0x00000002e8000000-0x00000002efffffff" SIZE="128M" STATE="online" REMOVABLE="yes" BLOCK="93"
RANGE="0x00000002f0000000-0x00000002f7ffffff" SIZE="128M" STATE="online" REMOVABLE="yes" BLOCK="94"
RANGE="0x00000002f8000000-0x00000002ffffffff" SIZE="128M" STATE="online" REMOVABLE="yes" BLOCK="95"
RANGE="0x0000000300000000-0x0000000307ffffff" SIZE="128M" STATE="online" REMOVABLE="yes" BLOCK="96"
RANGE="0x0000000308000000-0x000000030fffffff" SIZE="128M" STATE="online" REMOVABLE="yes" BLOCK="97"
RANGE="0x0000000310000000-0x0000000317ffffff" SIZE="128M" STATE="online" REMOVABLE="yes" BLOCK="98"
RANGE="0x0000000318000000-0x000000031fffffff" SIZE="128M" STATE="online" REMOVABLE="yes" BLOCK="99"
RANGE="0x0000000320000000-0x0000000327ffffff" SIZE="128M" STATE="online" REMOVABLE="yes" BLOCK="100"
RANGE="0x0000000328000000-0x000000032fffffff" SIZE="128M" STATE="online" REMOVABLE="yes" BLOCK="101"
RANGE="0x0000000330000000-0x0000000337ffffff" SIZE="128M" STATE="online" REMOVABLE="yes" BLOCK="102"
RANGE="0x0000000338000000-0x000000033fffffff" SIZE="128M" STATE="online" REMOVABLE="yes" BLOCK="103"
RANGE="0x0000000340000000-0x0000000347ffffff" SIZE="128M" STATE="online" REMOVABLE="yes" BLOCK="104"
RANGE="0x0000000348000000-0x000000034fffffff" SIZE="128M" STATE="online" REMOVABLE="yes" BLOCK="105"
RANGE="0x0000000350000000-0x0000000357ffffff" SIZE="128M" STATE="online" REMOVABLE="yes" BLOCK="106"
RANGE="0x0000000358000000-0x000000035fffffff" SIZE="128M" STATE="online" REMOVABLE="yes" BLOCK="107"
RANGE="0x0000000360000000-0x0000000367ffffff" SIZE="128M" STATE="online" REMOVABLE="yes" BLOCK="108"
RANGE="0x0000000368000000-0x000000036fffffff" SIZE="128M" STATE="online" REMOVABLE="yes" BLOCK="109"
RANGE="0x0000000370000000-0x0000000377ffffff" SIZE="128M" STATE="online" REMOVABLE="yes" BLOCK="110"
RANGE="0x0000000378000000-0x000000037fffffff" SIZE="128M" STATE="online" REMOVABLE="yes" BLOCK="111"
RANGE="0x0000000380000000-0x0000000387ffffff" SIZE="128M" STATE="online" REMOVABLE="yes" BLOCK="112"
RANGE="0x0000000388000000-0x000000038fffffff" SIZE="128M" STATE="online" REMOVABLE="yes" BLOCK="113"
RANGE="0x0000000390000000-0x0000000397ffffff" SIZE="128M" STATE="online" REMOVABLE="yes" BLOCK="114"
RANGE="0x0000000398000000-0x000000039fffffff" SIZE="128M" STATE="online" REMOVABLE="yes" BLOCK="115"
RANGE="0x00000003a0000000-0x00000003a7ffffff" SIZE="128M" STATE="online" REMOVABLE="yes" BLOCK="116"
RANGE="0x00000003a8000000-0x00000003afffffff" SIZE="128M" STATE="online" REMOVABLE="yes" BLOCK="117"
RANGE="0x00000003b0000000-0x00000003b7ffffff" SIZE="128M" STATE="online" REMOVABLE="yes" BLOCK="118"
RANGE="0x00000003b8000000-0x00000003bfffffff" SIZE="128M" STATE="online" REMOVABLE="yes" BLOCK="119"
RANGE="0x00000003c0000000-0x00000003c7ffffff" SIZE="128M" STATE="online" REMOVABLE="yes" BLOCK="120"
RANGE="0x00000003c8000000-0x00000003cfffffff" SIZE="128M" STATE="online" REMOVABLE="yes" BLOCK="121"
RANGE="0x00000003d0000000-0x00000003d7ffffff" SIZE="128M" STATE="online" REMOVABLE="yes" BLOCK="122"
RANGE="0x00000003d8000000-0x00000003dfffffff" SIZE="128M" STATE="online" REMOVABLE="yes" BLOCK="123"
RANGE="0x00000003e0000000-0x00000003e7ffffff" SIZE="128M" STATE="online" REMOVABLE="yes" BLOCK="124"
RANGE="0x00000003e8000000-0x00000003efffffff" SIZE="128M" STATE="online" REMOVABLE="yes" BLOCK="125"
RANGE="0x00000003f0000000-0x00000003f7ffffff" SIZE="128M" STATE="online" REMOVABLE="yes" BLOCK="126"
RANGE="0x00000003f8000000-0x00000003ffffffff" SIZE="128M" STATE="online" REMOVABLE="yes" BLOCK="127"
RANGE="0x0000000400000000-0x0000000407ffffff" SIZE="128M" STATE="online" REMOVABLE="yes" BLOCK="128"
RANGE="0x0000000408000000-0x000000040fffffff" SIZE="128M" STATE="online" REMOVABLE="yes" BLOCK="129"
RANGE="0x0000000410000000-0x0000000417ffffff" SIZE="128M" STATE="online" REMOVABLE="yes" BLOCK="130"
RANGE="0x0000000418000000-0x000000041fffffff" SIZE="128M" STATE="online" REMOVABLE="yes" BLOCK="131"
RANGE="0x0000000420000000-0x0000000427ffffff" SIZE="128M" STATE="online" REMOVABLE="yes" BLOCK="132"
RANGE="0x0000000428000000-0x000000042fffffff" SIZE="128M" STATE="online" REMOVABLE="yes" BLOCK="133"
RANGE="0x0000000430000000-0x0000000437ffffff" SIZE="128M" STATE="online" REMOVABLE="yes" BLOCK="134"
RANGE="0x0000000438000000-0x000000043fffffff" SIZE="128M" STATE="online" REMOVABLE="yes" BLOCK="135"
RANGE="0x0000000440000000-0x0000000447ffffff" SIZE="128M" STATE="online" REMOVABLE="yes" BLOCK="136"
RANGE="0x0000000448000000-0x000000044fffffff" SIZE="128M" STATE="online" REMOVABLE="yes" BLOCK="137"
RANGE="0x0000000450000000-0x0000000457ffffff" SIZE="128M" STATE="online" REMOVABLE="yes" BLOCK="138"
RANGE="0x0000000458000000-0x000000045fffffff" SIZE="128M" STATE="online" REMOVABLE="yes" BLOCK="139"
RANGE="0x0000000460000000-0x0000000467ffffff" SIZE="128M" STATE="online" REMOVABLE="yes" BLOCK="140"
RANGE="0x0000000468000000-0x000000046fffffff" SIZE="128M" STATE="online" REMOVABLE="yes" BLOCK="141"
RANGE="0x0000000470000000-0x0000000477ffffff" SIZE="128M" STATE="online" REMOVABLE="yes" BLOCK="142"
RANGE="0x0000000478000000-0x000000047fffffff" SIZE="128M" STATE="online" REMOVABLE="yes" BLOCK="143"
RANGE="0x0000000480000000-0x0000000487ffffff" SIZE="128M" STATE="online" REMOVABLE="yes" BLOCK="144"
RANGE="0x0000000488000000-0x000000048fffffff" SIZE="128M" STATE="online" REMOVABLE="yes" BLOCK="145"
RANGE="0x0000000490000000-0x0000000497ffffff" SIZE="128M" STATE="online" REMOVABLE="yes" BLOCK="146"
RANGE="0x0000000498000000-0x000000049fffffff" SIZE="128M" STATE="online" REMOVABLE="yes" BLOCK="147"
RANGE="0x00000004a0000000-0x00000004a7ffffff" SIZE="128M" STATE="online" REMOVABLE="yes" BLOCK="148"
RANGE="0x00000004a8000000-0x00000004afffffff" SIZE="128M" STATE="online" REMOVABLE="yes" BLOCK="149"
