 BLOCK  SIZE
   0-6  896M
32-149 14.8G

Memory block size:       128M
Total online memory:    15.6G
Total offline memory:      0B
