RANGE                                  SIZE  STATE REMOVABLE  BLOCK
0x0000000000000000-0x0000000037ffffff  896M online       yes    0-6
0x0000000100000000-0x00000004afffffff 14.8G online       yes 32-149
