RANGE                                  SIZE  STATE REMOVABLE BLOCK
0x0000000000000000-0x0000000007ffffff  128M online       yes     0
0x0000000008000000-0x000000000fffffff  128M online       yes     1
0x0000000010000000-0x0000000017ffffff  128M online       yes     2
0x0000000018000000-0x000000001fffffff  128M online       yes     3
0x0000000020000000-0x0000000027ffffff  128M online       yes     4
0x0000000028000000-0x000000002fffffff  128M online       yes     5
0x0000000030000000-0x0000000037ffffff  128M online       yes     6
0x0000000100000000-0x0000000107ffffff  128M online       yes    32
0x0000000108000000-0x000000010fffffff  128M online       yes    33
0x0000000110000000-0x0000000117ffffff  128M online       yes    34
0x0000000118000000-0x000000011fffffff  128M online       yes    35
0x0000000120000000-0x0000000127ffffff  128M online       yes    36
0x0000000128000000-0x000000012fffffff  128M online       yes    37
0x0000000130000000-0x0000000137ffffff  128M online       yes    38
0x0000000138000000-0x000000013fffffff  128M online       yes    39
0x0000000140000000-0x0000000147ffffff  128M online       yes    40
0x0000000148000000-0x000000014fffffff  128M online       yes    41
0x0000000150000000-0x0000000157ffffff  128M online       yes    42
0x0000000158000000-0x000000015fffffff  128M online       yes    43
0x0000000160000000-0x0000000167ffffff  128M online       yes    44
0x0000000168000000-0x000000016fffffff  128M online       yes    45
0x0000000170000000-0x0000000177ffffff  128M online       yes    46
0x0000000178000000-0x000000017fffffff  128M online       yes    47
0x0000000180000000-0x0000000187ffffff  128M online       yes    48
0x0000000188000000-0x000000018fffffff  128M online       yes    49
0x0000000190000000-0x0000000197ffffff  128M online       yes    50
0x0000000198000000-0x000000019fffffff  128M online       yes    51
0x00000001a0000000-0x00000001a7ffffff  128M online       yes    52
0x00000001a8000000-0x00000001afffffff  128M online       yes    53
0x00000001b0000000-0x00000001b7ffffff  128M online       yes    54
0x00000001b8000000-0x00000001bfffffff  128M online       yes    55
0x00000001c0000000-0x00000001c7ffffff  128M online       yes    56
0x00000001c8000000-0x00000001cfffffff  128M online       yes    57
0x00000001d0000000-0x00000001d7ffffff  128M online       yes    58
0x00000001d8000000-0x00000001dfffffff  128M online       yes    59
0x00000001e0000000-0x00000001e7ffffff  128M online       yes    60
0x00000001e8000000-0x00000001efffffff  128M online       yes    61
0x00000001f0000000-0x00000001f7ffffff  128M online       yes    62
0x00000001f8000000-0x00000001ffffffff  128M online       yes    63
0x0000000200000000-0x0000000207ffffff  128M online       yes    64
0x0000000208000000-0x000000020fffffff  128M online       yes    65
0x0000000210000000-0x0000000217ffffff  128M online       yes    66
0x0000000218000000-0x000000021fffffff  128M online       yes    67
0x0000000220000000-0x0000000227ffffff  128M online       yes    68
0x0000000228000000-0x000000022fffffff  128M online       yes    69
0x0000000230000000-0x0000000237ffffff  128M online       yes    70
0x0000000238000000-0x000000023fffffff  128M online       yes    71
0x0000000240000000-0x0000000247ffffff  128M online       yes    72
0x0000000248000000-0x000000024fffffff  128M online       yes    73
0x0000000250000000-0x0000000257ffffff  128M online       yes    74
0x0000000258000000-0x000000025fffffff  128M online       yes    75
0x0000000260000000-0x0000000267ffffff  128M online       yes    76
0x0000000268000000-0x000000026fffffff  128M online       yes    77
0x0000000270000000-0x0000000277ffffff  128M online       yes    78
0x0000000278000000-0x000000027fffffff  128M online       yes    79
0x0000000280000000-0x0000000287ffffff  128M online       yes    80
0x0000000288000000-0x000000028fffffff  128M online       yes    81
0x0000000290000000-0x0000000297ffffff  128M online       yes    82
0x0000000298000000-0x000000029fffffff  128M online       yes    83
0x00000002a0000000-0x00000002a7ffffff  128M online       yes    84
0x00000002a8000000-0x00000002afffffff  128M online       yes    85
0x00000002b0000000-0x00000002b7ffffff  128M online       yes    86
0x00000002b8000000-0x00000002bfffffff  128M online       yes    87
0x00000002c0000000-0x00000002c7ffffff  128M online       yes    88
0x00000002c8000000-0x00000002cfffffff  128M online       yes    89
0x00000002d0000000-0x00000002d7ffffff  128M online       yes    90
0x00000002d8000000-0x00000002dfffffff  128M online       yes    91
0x00000002e0000000-0x00000002e7ffffff  128M online       yes    92
0x00000002e8000000-0x00000002efffffff  128M online       yes    93
0x00000002f0000000-0x00000002f7ffffff  128M online       yes    94
0x00000002f8000000-0x00000002ffffffff  128M online       yes    95
0x0000000300000000-0x0000000307ffffff  128M online       yes    96
0x0000000308000000-0x000000030fffffff  128M online       yes    97
0x0000000310000000-0x0000000317ffffff  128M online       yes    98
0x0000000318000000-0x000000031fffffff  128M online       yes    99
0x0000000320000000-0x0000000327ffffff  128M online       yes   100
0x0000000328000000-0x000000032fffffff  128M online       yes   101
0x0000000330000000-0x0000000337ffffff  128M online       yes   102
0x0000000338000000-0x000000033fffffff  128M online       yes   103
0x0000000340000000-0x0000000347ffffff  128M online       yes   104
0x0000000348000000-0x000000034fffffff  128M online       yes   105
0x0000000350000000-0x0000000357ffffff  128M online       yes   106
0x0000000358000000-0x000000035fffffff  128M online       yes   107
0x0000000360000000-0x0000000367ffffff  128M online       yes   108
0x0000000368000000-0x000000036fffffff  128M online       yes   109
0x0000000370000000-0x0000000377ffffff  128M online       yes   110
0x0000000378000000-0x000000037fffffff  128M online       yes   111
0x0000000380000000-0x0000000387ffffff  128M online       yes   112
0x0000000388000000-0x000000038fffffff  128M online       yes   113
0x0000000390000000-0x0000000397ffffff  128M online       yes   114
0x0000000398000000-0x000000039fffffff  128M online       yes   115
0x00000003a0000000-0x00000003a7ffffff  128M online       yes   116
0x00000003a8000000-0x00000003afffffff  128M online       yes   117
0x00000003b0000000-0x00000003b7ffffff  128M online       yes   118
0x00000003b8000000-0x00000003bfffffff  128M online       yes   119
0x00000003c0000000-0x00000003c7ffffff  128M online       yes   120
0x00000003c8000000-0x00000003cfffffff  128M online       yes   121
0x00000003d0000000-0x00000003d7ffffff  128M online       yes   122
0x00000003d8000000-0x00000003dfffffff  128M online       yes   123
0x00000003e0000000-0x00000003e7ffffff  128M online       yes   124
0x00000003e8000000-0x00000003efffffff  128M online       yes   125
0x00000003f0000000-0x00000003f7ffffff  128M online       yes   126
0x00000003f8000000-0x00000003ffffffff  128M online       yes   127
0x0000000400000000-0x0000000407ffffff  128M online       yes   128
0x0000000408000000-0x000000040fffffff  128M online       yes   129
0x0000000410000000-0x0000000417ffffff  128M online       yes   130
0x0000000418000000-0x000000041fffffff  128M online       yes   131
0x0000000420000000-0x0000000427ffffff  128M online       yes   132
0x0000000428000000-0x000000042fffffff  128M online       yes   133
0x0000000430000000-0x0000000437ffffff  128M online       yes   134
0x0000000438000000-0x000000043fffffff  128M online       yes   135
0x0000000440000000-0x0000000447ffffff  128M online       yes   136
0x0000000448000000-0x000000044fffffff  128M online       yes   137
0x0000000450000000-0x0000000457ffffff  128M online       yes   138
0x0000000458000000-0x000000045fffffff  128M online       yes   139
0x0000000460000000-0x0000000467ffffff  128M online       yes   140
0x0000000468000000-0x000000046fffffff  128M online       yes   141
0x0000000470000000-0x0000000477ffffff  128M online       yes   142
0x0000000478000000-0x000000047fffffff  128M online       yes   143
0x0000000480000000-0x0000000487ffffff  128M online       yes   144
0x0000000488000000-0x000000048fffffff  128M online       yes   145
0x0000000490000000-0x0000000497ffffff  128M online       yes   146
0x0000000498000000-0x000000049fffffff  128M online       yes   147
0x00000004a0000000-0x00000004a7ffffff  128M online       yes   148
0x00000004a8000000-0x00000004afffffff  128M online       yes   149

Memory block size:       128M
Total online memory:    15.6G
Total offline memory:      0B
