Memory block size:       128M
Total online memory:    15.6G
Total offline memory:      0B
