{
   "memory": [
      {
         "block": "0-6",
         "size": "896M"
      },{
         "block": "32-149",
         "size": "14.8G"
      }
   ]
}
