BLOCK="0-6" SIZE="896M"
BLOCK="32-149" SIZE="14.8G"
