RANGE="0x0000000000000000-0x0000000037ffffff" SIZE="896M" STATE="online" REMOVABLE="yes" BLOCK="0-6"
RANGE="0x0000000100000000-0x00000004afffffff" SIZE="14.8G" STATE="online" REMOVABLE="yes" BLOCK="32-149"
